==> Redéploiement boulangerie -> https://boulangerie.lodene.cloud (root@213.130.144.215)
==> 1/4  Vérifications locales (typecheck + lint)

> boulangerie@0.1.0 typecheck
> tsc --noEmit


> boulangerie@0.1.0 lint
> eslint .

==> 2/4  Synchronisation du code vers le VPS (rsync)
==> 3/4  Rebuild + redéploiement sur le VPS (migrations auto)
 Image boulangerie-app Building 
 Image boulangerie-migrate Building 
#1 [internal] load local bake definitions
#1 reading from stdin 1.27kB done
#1 DONE 0.0s

#2 [migrate internal] load build definition from Dockerfile
#2 transferring dockerfile: 2.13kB done
#2 DONE 0.0s

#3 [migrate internal] load metadata for docker.io/library/node:20-alpine
#3 DONE 0.6s

#4 [app internal] load .dockerignore
#4 transferring context: 163B done
#4 DONE 0.0s

#5 [migrate base 1/3] FROM docker.io/library/node:20-alpine@sha256:fb4cd12c85ee03686f6af5362a0b0d56d50c58a04632e6c0fb8363f609372293
#5 resolve docker.io/library/node:20-alpine@sha256:fb4cd12c85ee03686f6af5362a0b0d56d50c58a04632e6c0fb8363f609372293 0.0s done
#5 DONE 0.0s

#6 [app internal] load build context
#6 transferring context: 97.01kB 0.0s done
#6 DONE 0.0s

#7 [migrate base 3/3] WORKDIR /app
#7 CACHED

#8 [migrate deps 1/2] COPY package.json package-lock.json ./
#8 CACHED

#9 [migrate base 2/3] RUN apk add --no-cache libc6-compat openssl
#9 CACHED

#10 [migrate deps 2/2] RUN npm ci --ignore-scripts
#10 CACHED

#11 [migrate builder 1/3] COPY --from=deps /app/node_modules ./node_modules
#11 CACHED

#12 [migrate builder 2/3] COPY . .
#12 DONE 0.2s

#13 [migrate builder 3/3] RUN npm run build
#13 0.747 
#13 0.747 > boulangerie@0.1.0 build
#13 0.747 > prisma generate && next build && rm -rf .next/standalone/public .next/standalone/.next/static && mkdir -p .next/standalone/.next && cp -R public .next/standalone/public && cp -R .next/static .next/standalone/.next/static
#13 0.747 
#13 1.759 warn The configuration property `package.json#prisma` is deprecated and will be removed in Prisma 7. Please migrate to a Prisma config file (e.g., `prisma.config.ts`).
#13 1.759 For more information, see: https://pris.ly/prisma-config
#13 1.759 
#13 2.498 Prisma schema loaded from prisma/schema.prisma
#13 3.229 
#13 3.229 ✔ Generated Prisma Client (v6.19.3) to ./node_modules/@prisma/client in 371ms
#13 3.229 
#13 3.229 Start by importing your Prisma Client (See: https://pris.ly/d/importing-client)
#13 3.229 
#13 3.229 Tip: Need your database queries to be 1000x faster? Accelerate offers you that and more: https://pris.ly/tip-2-accelerate
#13 3.229 
#13 3.834 ▲ Next.js 16.2.6 (Turbopack)
#13 3.835 
#13 3.878   Creating an optimized production build ...
#13 ...

#14 [app builder 3/3] RUN npm run build
#14 0.733 
#14 0.733 > boulangerie@0.1.0 build
#14 0.733 > prisma generate && next build && rm -rf .next/standalone/public .next/standalone/.next/static && mkdir -p .next/standalone/.next && cp -R public .next/standalone/public && cp -R .next/static .next/standalone/.next/static
#14 0.733 
#14 1.708 warn The configuration property `package.json#prisma` is deprecated and will be removed in Prisma 7. Please migrate to a Prisma config file (e.g., `prisma.config.ts`).
#14 1.708 For more information, see: https://pris.ly/prisma-config
#14 1.708 
#14 2.499 Prisma schema loaded from prisma/schema.prisma
#14 3.273 
#14 3.273 ✔ Generated Prisma Client (v6.19.3) to ./node_modules/@prisma/client in 356ms
#14 3.273 
#14 3.273 Start by importing your Prisma Client (See: https://pris.ly/d/importing-client)
#14 3.273 
#14 3.273 Tip: Need your database queries to be 1000x faster? Accelerate offers you that and more: https://pris.ly/tip-2-accelerate
#14 3.273 
#14 3.879 ▲ Next.js 16.2.6 (Turbopack)
#14 3.880 
#14 3.925   Creating an optimized production build ...
#14 ...

#13 [migrate builder 3/3] RUN npm run build
#13 14.52 ✓ Compiled successfully in 10.4s
#13 14.53   Running TypeScript ...
#13 ...

#14 [app builder 3/3] RUN npm run build
#14 15.12 ✓ Compiled successfully in 10.9s
#14 15.13   Running TypeScript ...
#14 ...

#13 [migrate builder 3/3] RUN npm run build
#13 28.66   Finished TypeScript in 14.1s ...
#13 28.67   Collecting page data using 7 workers ...
#13 30.15   Generating static pages using 7 workers (0/19) ...
#13 30.35   Generating static pages using 7 workers (4/19) 
#13 30.86   Generating static pages using 7 workers (9/19) 
#13 30.90   Generating static pages using 7 workers (14/19) 
#13 30.95 prisma:error 
#13 30.95 Invalid `prisma.dish.findMany()` invocation:
#13 30.95 
#13 30.95 
#13 30.95 error: Environment variable not found: DATABASE_URL.
#13 30.95   -->  schema.prisma:8
#13 30.95    | 
#13 30.95  7 |   provider = "postgresql"
#13 30.95  8 |   url      = env("DATABASE_URL")
#13 30.95    | 
#13 30.95 
#13 30.95 Validation Error Count: 1
#13 31.02 ✓ Generating static pages using 7 workers (19/19) in 875ms
#13 31.03   Finalizing page optimization ...
#13 31.57 
#13 31.58 Route (app)
#13 31.58 ┌ ƒ /
#13 31.58 ├ ○ /_not-found
#13 31.58 ├ ƒ /admin
#13 31.58 ├ ƒ /admin/anti-gaspi
#13 31.58 ├ ƒ /admin/avis
#13 31.58 ├ ƒ /admin/clients
#13 31.58 ├ ƒ /admin/clients/[email]
#13 31.58 ├ ƒ /admin/commandes
#13 31.58 ├ ƒ /admin/commandes/[reference]
#13 31.58 ├ ƒ /admin/commandes/[reference]/ticket
#13 31.58 ├ ƒ /admin/gateaux
#13 31.58 ├ ƒ /admin/livraisons
#13 31.58 ├ ƒ /admin/marketing
#13 31.58 ├ ƒ /admin/menu
#13 31.58 ├ ƒ /admin/messages
#13 31.58 ├ ƒ /admin/paniers
#13 31.58 ├ ƒ /admin/parametres
#13 31.58 ├ ƒ /admin/rapports
#13 31.58 ├ ƒ /admin/recap
#13 31.58 ├ ƒ /admin/reservations
#13 31.58 ├ ƒ /admin/saison
#13 31.58 ├ ƒ /admin/service
#13 31.58 ├ ƒ /admin/traiteur
#13 31.58 ├ ƒ /anti-gaspi
#13 31.58 ├ ƒ /api/admin/finance.csv
#13 31.58 ├ ƒ /api/admin/orders.csv
#13 31.58 ├ ƒ /api/admin/orders/pending
#13 31.58 ├ ƒ /api/admin/search
#13 31.58 ├ ƒ /api/admin/subscribers.csv
#13 31.58 ├ ƒ /api/assistant
#13 31.58 ├ ƒ /api/cart
#13 31.58 ├ ƒ /api/cron/reengage
#13 31.58 ├ ƒ /api/dishes
#13 31.58 ├ ƒ /api/health
#13 31.58 ├ ƒ /api/order-status
#13 31.58 ├ ƒ /api/orders
#13 31.58 ├ ƒ /api/slots
#13 31.58 ├ ƒ /api/stripe/connect/refresh
#13 31.58 ├ ƒ /api/suggestions
#13 31.58 ├ ƒ /api/testimonials
#13 31.58 ├ ƒ /api/webhooks/stripe
#13 31.58 ├ ƒ /boutique-de-saison
#13 31.58 ├ ○ /cgv
#13 31.58 ├ ƒ /commande/[reference]
#13 31.58 ├ ○ /commander
#13 31.58 ├ ƒ /compte
#13 31.58 ├ ƒ /compte/verify
#13 31.58 ├ ○ /confidentialite
#13 31.58 ├ ○ /contact
#13 31.58 ├ ○ /icon.svg
#13 31.58 ├ ○ /manifest.webmanifest
#13 31.58 ├ ○ /mentions-legales
#13 31.58 ├ ƒ /menu
#13 31.58 ├ ƒ /menu/[slug]
#13 31.58 ├ ƒ /reservation
#13 31.58 ├ ○ /robots.txt
#13 31.58 ├ ○ /sitemap.xml
#13 31.58 ├ ○ /sur-mesure
#13 31.58 └ ○ /traiteur
#13 31.58 
#13 31.58 
#13 31.58 ○  (Static)   prerendered as static content
#13 31.58 ƒ  (Dynamic)  server-rendered on demand
#13 31.58 
#13 31.75 npm notice
#13 31.75 npm notice New major version of npm available! 10.8.2 -> 11.17.0
#13 31.75 npm notice Changelog: https://github.com/npm/cli/releases/tag/v11.17.0
#13 31.75 npm notice To update run: npm install -g npm@11.17.0
#13 31.75 npm notice
#13 DONE 31.9s

#15 [migrate] exporting to image
#15 exporting layers
#15 ...

#14 [app builder 3/3] RUN npm run build
#14 29.04   Finished TypeScript in 13.9s ...
#14 29.04   Collecting page data using 7 workers ...
#14 30.49   Generating static pages using 7 workers (0/19) ...
#14 30.63   Generating static pages using 7 workers (4/19) 
#14 31.10   Generating static pages using 7 workers (9/19) 
#14 31.17   Generating static pages using 7 workers (14/19) 
#14 31.23 prisma:error 
#14 31.23 Invalid `prisma.dish.findMany()` invocation:
#14 31.23 
#14 31.23 
#14 31.23 error: Environment variable not found: DATABASE_URL.
#14 31.23   -->  schema.prisma:8
#14 31.23    | 
#14 31.23  7 |   provider = "postgresql"
#14 31.23  8 |   url      = env("DATABASE_URL")
#14 31.23    | 
#14 31.23 
#14 31.23 Validation Error Count: 1
#14 31.31 ✓ Generating static pages using 7 workers (19/19) in 815ms
#14 31.31   Finalizing page optimization ...
#14 31.85 
#14 31.86 Route (app)
#14 31.86 ┌ ƒ /
#14 31.86 ├ ○ /_not-found
#14 31.86 ├ ƒ /admin
#14 31.86 ├ ƒ /admin/anti-gaspi
#14 31.86 ├ ƒ /admin/avis
#14 31.86 ├ ƒ /admin/clients
#14 31.86 ├ ƒ /admin/clients/[email]
#14 31.86 ├ ƒ /admin/commandes
#14 31.86 ├ ƒ /admin/commandes/[reference]
#14 31.86 ├ ƒ /admin/commandes/[reference]/ticket
#14 31.86 ├ ƒ /admin/gateaux
#14 31.86 ├ ƒ /admin/livraisons
#14 31.86 ├ ƒ /admin/marketing
#14 31.86 ├ ƒ /admin/menu
#14 31.86 ├ ƒ /admin/messages
#14 31.86 ├ ƒ /admin/paniers
#14 31.86 ├ ƒ /admin/parametres
#14 31.86 ├ ƒ /admin/rapports
#14 31.86 ├ ƒ /admin/recap
#14 31.86 ├ ƒ /admin/reservations
#14 31.86 ├ ƒ /admin/saison
#14 31.86 ├ ƒ /admin/service
#14 31.86 ├ ƒ /admin/traiteur
#14 31.86 ├ ƒ /anti-gaspi
#14 31.86 ├ ƒ /api/admin/finance.csv
#14 31.86 ├ ƒ /api/admin/orders.csv
#14 31.86 ├ ƒ /api/admin/orders/pending
#14 31.86 ├ ƒ /api/admin/search
#14 31.86 ├ ƒ /api/admin/subscribers.csv
#14 31.86 ├ ƒ /api/assistant
#14 31.86 ├ ƒ /api/cart
#14 31.86 ├ ƒ /api/cron/reengage
#14 31.86 ├ ƒ /api/dishes
#14 31.86 ├ ƒ /api/health
#14 31.86 ├ ƒ /api/order-status
#14 31.86 ├ ƒ /api/orders
#14 31.86 ├ ƒ /api/slots
#14 31.86 ├ ƒ /api/stripe/connect/refresh
#14 31.86 ├ ƒ /api/suggestions
#14 31.86 ├ ƒ /api/testimonials
#14 31.86 ├ ƒ /api/webhooks/stripe
#14 31.86 ├ ƒ /boutique-de-saison
#14 31.86 ├ ○ /cgv
#14 31.86 ├ ƒ /commande/[reference]
#14 31.86 ├ ○ /commander
#14 31.86 ├ ƒ /compte
#14 31.86 ├ ƒ /compte/verify
#14 31.86 ├ ○ /confidentialite
#14 31.86 ├ ○ /contact
#14 31.86 ├ ○ /icon.svg
#14 31.86 ├ ○ /manifest.webmanifest
#14 31.86 ├ ○ /mentions-legales
#14 31.86 ├ ƒ /menu
#14 31.86 ├ ƒ /menu/[slug]
#14 31.86 ├ ƒ /reservation
#14 31.86 ├ ○ /robots.txt
#14 31.86 ├ ○ /sitemap.xml
#14 31.86 ├ ○ /sur-mesure
#14 31.86 └ ○ /traiteur
#14 31.86 
#14 31.86 
#14 31.86 ○  (Static)   prerendered as static content
#14 31.86 ƒ  (Dynamic)  server-rendered on demand
#14 31.86 
#14 32.03 npm notice
#14 32.03 npm notice New major version of npm available! 10.8.2 -> 11.17.0
#14 32.03 npm notice Changelog: https://github.com/npm/cli/releases/tag/v11.17.0
#14 32.03 npm notice To update run: npm install -g npm@11.17.0
#14 32.03 npm notice
#14 DONE 32.1s

#15 [migrate] exporting to image
#15 ...

#16 [app runner 1/6] RUN addgroup -g 1001 -S nodejs && adduser -S nextjs -u 1001
#16 CACHED

#17 [app runner 2/6] COPY --from=builder /app/public ./public
#17 CACHED

#18 [app runner 3/6] COPY --from=builder --chown=nextjs:nodejs /app/.next/standalone ./
#18 DONE 0.8s

#15 [migrate] exporting to image
#15 ...

#19 [app runner 4/6] COPY --from=builder --chown=nextjs:nodejs /app/.next/static ./.next/static
#19 DONE 0.1s

#20 [app runner 5/6] COPY --from=builder /app/node_modules/.prisma ./node_modules/.prisma
#20 DONE 0.1s

#21 [app runner 6/6] COPY --from=builder /app/node_modules/@prisma/client ./node_modules/@prisma/client
#21 DONE 0.1s

#15 [migrate] exporting to image
#15 ...

#22 [app] exporting to image
#22 exporting layers 7.1s done
#22 exporting manifest sha256:8bceeed19a901198005d238a3c8e478c734a01f4c59b800017f5d3df38b487a6 0.0s done
#22 exporting config sha256:1603b42d5ed50c08d145dfb9ab5e8595b0598f946e8f5df3202d3614e58da052 done
#22 exporting attestation manifest sha256:bf03e540859d35e404de2fe5db9933f16632a68bf933d8fcd1914f4afe17cc29 0.0s done
#22 exporting manifest list sha256:886243b4b3606b9414b3b706b79145307d30ae731a9544a932f2a1196805f21b 0.0s done
#22 naming to docker.io/library/boulangerie-app:latest done
#22 unpacking to docker.io/library/boulangerie-app:latest
#22 ...

#15 [migrate] exporting to image
#15 exporting layers 13.9s done
#15 exporting manifest sha256:82e2a770b5b1103d951e2fb72566297174c897ac24d7e7871fe8c873b2d137d0 0.0s done
#15 exporting config sha256:abe6e5edeaad8fc19b5993fc52184fb87f02eff902dff736c25624676b390b59 0.0s done
#15 exporting attestation manifest sha256:791aa7cd7e7d135e61f840016daadf423bda1767f462e04d73e658383ebecb5b 0.0s done
#15 exporting manifest list sha256:b35a6a6e6e4ce295f5a5f8579de724fe829d15e9646f58581c051f7703bb430d
#15 exporting manifest list sha256:b35a6a6e6e4ce295f5a5f8579de724fe829d15e9646f58581c051f7703bb430d 0.0s done
#15 naming to docker.io/library/boulangerie-migrate:latest done
#15 unpacking to docker.io/library/boulangerie-migrate:latest
#15 ...

#22 [app] exporting to image
#22 unpacking to docker.io/library/boulangerie-app:latest 3.7s done
#22 DONE 10.9s

#23 [app] resolving provenance for metadata file
#23 DONE 0.0s

#15 [migrate] exporting to image
#15 unpacking to docker.io/library/boulangerie-migrate:latest 2.0s done
#15 DONE 16.1s

#24 [migrate] resolving provenance for metadata file
#24 DONE 0.0s
 Image boulangerie-migrate Built 
 Image boulangerie-app Built 
 Container boulangerie-db-1 Running 
 Container boulangerie-migrate-1 Recreate 
 Container boulangerie-migrate-1 Recreated 
 Container boulangerie-app-1 Recreate 
 Container boulangerie-app-1 Recreated 
 Container boulangerie-db-1 Waiting 
 Container boulangerie-db-1 Healthy 
 Container boulangerie-migrate-1 Starting 
 Container boulangerie-migrate-1 Started 
 Container boulangerie-migrate-1 Waiting 
 Container boulangerie-db-1 Waiting 
 Container boulangerie-db-1 Healthy 
 Container boulangerie-migrate-1 Exited 
 Container boulangerie-app-1 Starting 
 Container boulangerie-app-1 Started 
==> 4/4  Vérification
NAME                IMAGE                COMMAND                  SERVICE   CREATED         STATUS                  PORTS
boulangerie-app-1   boulangerie-app      "docker-entrypoint.s…"   app       3 seconds ago   Up Less than a second   127.0.0.1:3200->3000/tcp
boulangerie-db-1    postgres:16-alpine   "docker-entrypoint.s…"   db        24 hours ago    Up 24 hours (healthy)   5432/tcp
health : {"status":"ok","db":"up","time":"2026-06-23T12:51:10.313Z"}
✅ Mise à jour terminée — https://boulangerie.lodene.cloud
